// Jest Snapshot v1, https://goo.gl/fbAQLP

exports[`Phase0のテスト コンポーネントのスナップショットが一致する 1`] = `
<div>
  <div
    class="bg-home-bg object-fit flex h-screen flex-col items-center justify-center bg-cover text-6xl"
  >
    <form
      id="playerSelect"
    >
      <div
        class="mb-8"
      >
        <input
          class="peer/player1 hidden"
          id="player1"
          name="player"
          type="radio"
        />
        <label
          class="font-onryou block rounded p-4 text-white peer-checked/player1:bg-slate-500 peer-disabled/player1:cursor-not-allowed peer-disabled/player1:opacity-50"
          for="player1"
        >
          プレイヤー１
        </label>
      </div>
      <div
        class="mb-8"
      >
        <input
          class="peer/player2 hidden"
          id="player2"
          name="player"
          type="radio"
        />
        <label
          class="font-onryou block rounded p-4 text-white peer-checked/player2:bg-slate-500 peer-disabled/player2:cursor-not-allowed peer-disabled/player2:opacity-50"
          for="player2"
        >
          プレイヤー２
        </label>
      </div>
    </form>
  </div>
</div>
`;
